node.exe : C:\Users\a
dmin\Downloads\BOQD 
2 (5)\BOQD 2\BOQ 
final\durga boq\boq u
pdated\BOQ\boq2\BOQ\s
erver\storage.ts:23
At line:1 char:1
+ & "C:\Program 
Files/node.exe" 
"C:\Program Files/nod
e_modules/npm/bin/ 
...
+ ~~~~~~~~~~~~~~~~~~~
~~~~~~~~~~~~~~~~~~~~~
~~~~~~~~~~~~~~~~~~~~~
~~~~~~~~
    + CategoryInfo   
           : NotSpe  
  cified: (C:\User   
 s\admin\...r\sto    
rage.ts:23:Strin    
g) [], RemoteExc    
eption
    + FullyQualified 
   ErrorId : Native  
  CommandError
 
      throw new 
Error("DATABASE_URL 
is not defined");
            ^

Error: DATABASE_URL 
is not defined
    at new 
PostgresStorage (C:\U
sers\admin\Downloads\
BOQD 2 (5)\BOQD 
2\BOQ final\durga 
boq\boq updated\BOQ\b
oq2\BOQ\server\storag
e.ts:23:13)
    at <anonymous> (C
:\Users\admin\Downloa
ds\BOQD 2 (5)\BOQD 
2\BOQ final\durga 
boq\boq updated\BOQ\b
oq2\BOQ\server\storag
e.ts:359:32)
    at ModuleJob.run 
(node:internal/module
s/esm/module_job:377:
25)
    at async onImport
.tracePromise.__proto
__ (node:internal/mod
ules/esm/loader:671:2
6)
    at async asyncRun
EntryPointWithESMLoad
er (node:internal/mod
ules/run_main:101:5)

Node.js v24.11.1
